{
  "Entries": [
    {
      "RequestUri": "/webhdfs/v1/SDKTestFolder01%2FSDKTestFile01.txt4406?op=CREATE&api-version=2015-10-01-preview",
      "EncodedRequestUri": "L3dlYmhkZnMvdjEvU0RLVGVzdEZvbGRlcjAxJTJGU0RLVGVzdEZpbGUwMS50eHQ0NDA2P29wPUNSRUFURSZhcGktdmVyc2lvbj0yMDE1LTEwLTAxLXByZXZpZXc=",
      "RequestMethod": "PUT",
      "RequestBody": "",
      "RequestHeaders": {
        "useragent": [
          "Azure SDK - Microsoft.Azure.Management.DataLake.StoreFileSystem 0.9.6-preview "
        ],
        "User-Agent": [
          "Azure",
          "SDK",
          "-",
          "Microsoft.Azure.Management.DataLake.StoreFileSystem",
          "0.9.6-preview"
        ]
      },
      "ResponseBody": "",
      "ResponseHeaders": {
        "Content-Length": [
          "0"
        ],
        "Expires": [
          "-1"
        ],
        "Pragma": [
          "no-cache"
        ],
        "x-ms-request-id": [
          "fa42b61e-579c-431f-8763-879fa3742b81"
        ],
        "ContentLength": [
          "0"
        ],
        "Server-Perf": [
          "[fa42b61e579c431f8763879fa3742b81][ AuthTime::1725.31925249282::PostAuthTime::1308385.2055371 ][CREATE :: 00:00:000 ms]%0a"
        ],
        "X-Content-Type-Options": [
          "nosniff"
        ],
        "Strict-Transport-Security": [
          "max-age=15724800; includeSubDomains"
        ],
        "Cache-Control": [
          "no-cache"
        ],
        "Date": [
          "Fri, 20 Nov 2015 22:11:57 GMT"
        ],
        "Location": [
          "https://testadlfs14863.azuredatalakestore.net/webhdfs/v1/SDKTestFolder01/SDKTestFile01.txt4406?op=CREATE&api-version=2015-10-01-preview&write=true"
        ],
        "Set-Cookie": [
          "UserPrincipalSession=2b9bc7ec-3154-4c1c-8f86-a3700d94416a; path=/; secure; HttpOnly"
        ]
      },
      "StatusCode": 307
    },
    {
      "RequestUri": "/webhdfs/v1/SDKTestFolder01/SDKTestFile01.txt4406?op=CREATE&api-version=2015-10-01-preview&write=true",
      "EncodedRequestUri": "L3dlYmhkZnMvdjEvU0RLVGVzdEZvbGRlcjAxL1NES1Rlc3RGaWxlMDEudHh0NDQwNj9vcD1DUkVBVEUmYXBpLXZlcnNpb249MjAxNS0xMC0wMS1wcmV2aWV3JndyaXRlPXRydWU=",
      "RequestMethod": "PUT",
      "RequestBody": "These are some random test contents 1234!@",
      "RequestHeaders": {
        "Content-Type": [
          "application/octet-stream"
        ],
        "Content-Length": [
          "42"
        ],
        "Transfer-Encoding": [
          "chunked"
        ],
        "useragent": [
          "Azure SDK - Microsoft.Azure.Management.DataLake.StoreFileSystem 0.9.6-preview "
        ],
        "User-Agent": [
          "Azure",
          "SDK",
          "-",
          "Microsoft.Azure.Management.DataLake.StoreFileSystem",
          "0.9.6-preview"
        ]
      },
      "ResponseBody": "",
      "ResponseHeaders": {
        "Content-Length": [
          "0"
        ],
        "Expires": [
          "-1"
        ],
        "Pragma": [
          "no-cache"
        ],
        "x-ms-request-id": [
          "f3c0d5de-2939-4e07-a400-4001c265d3dc"
        ],
        "ContentLength": [
          "0"
        ],
        "Server-Perf": [
          "[f3c0d5de29394e07a4004001c265d3dc][ AuthTime::778.403827351742::PostAuthTime::188.613235089076 ][FsOpenStream :: 00:00:228 ms]%0a[Open :: 00:00:228 ms]%0a[FsAppendStream :: 00:00:116 ms]%0a[Write :: 00:00:117 ms]%0a[FsAppendStream :: 00:00:002 ms]%0a[FlushWrite :: 00:00:002 ms]%0a[CREATE :: 00:00:350 ms]%0a"
        ],
        "X-Content-Type-Options": [
          "nosniff"
        ],
        "Strict-Transport-Security": [
          "max-age=15724800; includeSubDomains"
        ],
        "Cache-Control": [
          "no-cache"
        ],
        "Date": [
          "Fri, 20 Nov 2015 22:11:57 GMT"
        ],
        "Location": [
          "https://testadlfs14863.azuredatalakestore.net/webhdfs/v1/SDKTestFolder01/SDKTestFile01.txt4406?op=CREATE&api-version=2015-10-01-preview&write=true"
        ]
      },
      "StatusCode": 201
    },
    {
      "RequestUri": "/webhdfs/v1/SDKTestFolder01%2FSDKTestFile01.txt4406?op=GETFILESTATUS&api-version=2015-10-01-preview",
      "EncodedRequestUri": "L3dlYmhkZnMvdjEvU0RLVGVzdEZvbGRlcjAxJTJGU0RLVGVzdEZpbGUwMS50eHQ0NDA2P29wPUdFVEZJTEVTVEFUVVMmYXBpLXZlcnNpb249MjAxNS0xMC0wMS1wcmV2aWV3",
      "RequestMethod": "GET",
      "RequestBody": "",
      "RequestHeaders": {
        "useragent": [
          "Azure SDK - Microsoft.Azure.Management.DataLake.StoreFileSystem 0.9.6-preview "
        ],
        "User-Agent": [
          "Azure",
          "SDK",
          "-",
          "Microsoft.Azure.Management.DataLake.StoreFileSystem",
          "0.9.6-preview"
        ]
      },
      "ResponseBody": "{\r\n  \"FileStatus\": {\r\n    \"length\": 42,\r\n    \"pathSuffix\": \"\",\r\n    \"type\": \"FILE\",\r\n    \"blockSize\": 268435456,\r\n    \"accessTime\": 1448057518630,\r\n    \"modificationTime\": 1448057518914,\r\n    \"replication\": 0,\r\n    \"permission\": \"777\",\r\n    \"owner\": \"NotSupportYet\",\r\n    \"group\": \"NotSupportYet\"\r\n  }\r\n}",
      "ResponseHeaders": {
        "Content-Length": [
          "223"
        ],
        "Content-Type": [
          "application/json; charset=utf-8"
        ],
        "Expires": [
          "-1"
        ],
        "Pragma": [
          "no-cache"
        ],
        "x-ms-request-id": [
          "0d2f2aed-c3b3-4c57-b87d-0c55a35487b7"
        ],
        "Server-Perf": [
          "[0d2f2aedc3b34c57b87d0c55a35487b7][ AuthTime::790.806965260094::PostAuthTime::185.619374214646 ][IsExist :: 00:00:000 ms]%0a[HdfsGetFileStatus :: 00:00:041 ms]%0a[SS Response Process :: 00:00:000 ms]%0a[GETFILESTATUS :: 00:00:042 ms]%0a"
        ],
        "X-Content-Type-Options": [
          "nosniff"
        ],
        "Strict-Transport-Security": [
          "max-age=15724800; includeSubDomains"
        ],
        "Cache-Control": [
          "no-cache"
        ],
        "Date": [
          "Fri, 20 Nov 2015 22:11:59 GMT"
        ]
      },
      "StatusCode": 200
    },
    {
      "RequestUri": "/webhdfs/v1/SDKTestFolder01%2FSDKTestFile01.txt4406?op=OPEN&api-version=2015-10-01-preview",
      "EncodedRequestUri": "L3dlYmhkZnMvdjEvU0RLVGVzdEZvbGRlcjAxJTJGU0RLVGVzdEZpbGUwMS50eHQ0NDA2P29wPU9QRU4mYXBpLXZlcnNpb249MjAxNS0xMC0wMS1wcmV2aWV3",
      "RequestMethod": "GET",
      "RequestBody": "",
      "RequestHeaders": {
        "useragent": [
          "Azure SDK - Microsoft.Azure.Management.DataLake.StoreFileSystem 0.9.6-preview "
        ],
        "User-Agent": [
          "Azure",
          "SDK",
          "-",
          "Microsoft.Azure.Management.DataLake.StoreFileSystem",
          "0.9.6-preview"
        ]
      },
      "ResponseBody": "",
      "ResponseHeaders": {
        "Content-Length": [
          "0"
        ],
        "Expires": [
          "-1"
        ],
        "Pragma": [
          "no-cache"
        ],
        "x-ms-request-id": [
          "5f0c5d45-572e-4c9f-a4be-265706ae0669"
        ],
        "ContentLength": [
          "0"
        ],
        "Server-Perf": [
          "[5f0c5d45572e4c9fa4be265706ae0669][ AuthTime::759.585273283898::PostAuthTime::183.908596572115 ][OPEN :: 00:00:000 ms]%0a"
        ],
        "X-Content-Type-Options": [
          "nosniff"
        ],
        "Strict-Transport-Security": [
          "max-age=15724800; includeSubDomains"
        ],
        "Cache-Control": [
          "no-cache"
        ],
        "Date": [
          "Fri, 20 Nov 2015 22:11:59 GMT"
        ],
        "Location": [
          "https://testadlfs14863.azuredatalakestore.net/webhdfs/v1/SDKTestFolder01/SDKTestFile01.txt4406?op=OPEN&api-version=2015-10-01-preview&read=true"
        ]
      },
      "StatusCode": 307
    },
    {
      "RequestUri": "/webhdfs/v1/SDKTestFolder01/SDKTestFile01.txt4406?op=OPEN&api-version=2015-10-01-preview&read=true",
      "EncodedRequestUri": "L3dlYmhkZnMvdjEvU0RLVGVzdEZvbGRlcjAxL1NES1Rlc3RGaWxlMDEudHh0NDQwNj9vcD1PUEVOJmFwaS12ZXJzaW9uPTIwMTUtMTAtMDEtcHJldmlldyZyZWFkPXRydWU=",
      "RequestMethod": "GET",
      "RequestBody": "",
      "RequestHeaders": {
        "Transfer-Encoding": [
          "chunked"
        ],
        "useragent": [
          "Azure SDK - Microsoft.Azure.Management.DataLake.StoreFileSystem 0.9.6-preview "
        ],
        "User-Agent": [
          "Azure",
          "SDK",
          "-",
          "Microsoft.Azure.Management.DataLake.StoreFileSystem",
          "0.9.6-preview"
        ]
      },
      "ResponseBody": "These are some random test contents 1234!@",
      "ResponseHeaders": {
        "Content-Type": [
          "application/octet-stream"
        ],
        "Expires": [
          "-1"
        ],
        "Pragma": [
          "no-cache"
        ],
        "Transfer-Encoding": [
          "chunked"
        ],
        "x-ms-request-id": [
          "f418a903-b336-4b8f-b7fb-002734cd8e52"
        ],
        "Server-Perf": [
          "[f418a903b3364b8fb7fb002734cd8e52][ AuthTime::772.843800013515::PostAuthTime::182.625513340216 ][GetCacheEntry :: 00:00:000 ms]%0a[FsOpenStream :: 00:00:048 ms]%0a[OpenNewHandle :: 00:00:048 ms]%0a[CreateCacheEntry :: 00:00:000 ms]%0a[GetOrCreateHandle :: 00:00:048 ms]%0a[Open :: 00:00:048 ms]%0a[FsReadStream :: 00:00:013 ms]%0a[OPEN :: 00:00:061 ms]%0a"
        ],
        "X-Content-Type-Options": [
          "nosniff"
        ],
        "Strict-Transport-Security": [
          "max-age=15724800; includeSubDomains"
        ],
        "Cache-Control": [
          "no-cache"
        ],
        "Date": [
          "Fri, 20 Nov 2015 22:11:59 GMT"
        ]
      },
      "StatusCode": 200
    }
  ],
  "Names": {
    "CreateFile": [
      "SDKTestFolder01/SDKTestFile01.txt4406"
    ]
  },
  "Variables": {
    "SubscriptionId": "46153750-fa3b-4140-bf57-8beb7d5c971a"
  }
}